C:\Users\rio\Documents\ALGO\Project Presentation 1\test5.py
C:\Users\rio\Documents\ALGO\LABALGO20191-M4-46-FARHAN RIORDAN\dog age.py
C:\Users\rio\Documents\ALGO\LABALGO20191-M4-46-FARHAN RIORDAN\student grade.py
C:\Users\rio\Documents\ALGO\ALGO20191-M4-46-FARHAN RIORDAN\student grade.py
C:\Users\rio\Documents\ALGO\LABALGO20191-M5-46-FARHAN RIORDAN\soal 1.py
C:\Users\rio\Documents\ALGO\LABALGO20191-M4-46-FARHAN RIORDAN\jumlah gaji seorang pegawai.py
C:\Users\rio\Documents\ALGO\LABALGO20191-M4-46-FARHAN RIORDAN\jual beli eskrim.py
C:\Users\rio\Documents\ALGO\ALGO20191-M4-46-FARHAN RIORDAN\jual beli eskrim.py
C:\Users\rio\Documents\ALGO\quiz2\photo.py
C:\Users\rio\Documents\ALGO\LABALGO20191-M5-46-FARHAN RIORDAN\soal 4.py
C:\Users\rio\Documents\ALGO\ALGO20191-M4-46-FARHAN RIORDAN\password.py
C:\Users\rio\Documents\ALGO\LABALGO20191-M5-46-FARHAN RIORDAN\soal 3.py
C:\Users\rio\Documents\ALGO\quiz2\easyproblem.py
C:\Users\rio\Downloads\stronger.py
C:\Users\rio\Downloads\student.py
C:\Users\rio\Downloads\gametournament.py
C:\Users\rio\Downloads\finalscore.py
C:\Users\rio\Downloads\hex.py
C:\Users\rio\Documents\ALGO\quiz1\soal1.py
C:\Users\rio\PycharmProjects\untitled\scratch12.py
C:\Users\rio\Documents\ALGO\LABALGO20191-M5-46-FARHAN RIORDAN\listing 5.34.py
